{"ts_target": 1781753706.6872284, "source": "OMNI_HUB_PULSE", "nonce": "c97a368f4defc5da", "purity": 1.0, "hash": "095a3b49da4bf01026f65446a9812225820ed3325d62bdf7c99df20af85c4c22"}
{"ts_target": 1781753706.687355, "source": "COGNITIVE_RECURSION", "nonce": "fa6abbbe18bb5330", "purity": 1.0, "hash": "238b817d60d8b6a88b3c5f7adb191d183c448a1066b485df0b55af914b39d98c"}
{"ts_target": 1781753706.687424, "source": "WRAITH_EXECUTION", "nonce": "ec3f5468f1cffc20", "purity": 1.0, "hash": "514e5810217673ebdb82c37f80a394fe4083567478ab92dc006c5231d1679915"}
{"ts_target": 1781753706.6874683, "source": "VAULT_SEAL", "nonce": "afc148f45acc8fd4", "purity": 1.0, "hash": "2d43cb3e4324eee48ac846c562a7d2813213b140dc4ff87c394c041f206fdbe4"}
{"ts_target": 1781753706.687496, "source": "YIELD_FLOW", "nonce": "1a74d09b5c1028aa", "purity": 1.0, "hash": "d66197c78bea841c33ee2a7eaa4f5db4f4bfa05d28eb956073ca0a639a138650"}
{"ts_target": 1781753706.6875212, "source": "MUTANT_EVOLUTION", "nonce": "fc9a74e6e90180d5", "purity": 1.0, "hash": "db452cc21cc22f29c7eeb7c2bace588aecfa99bec9f229f00a2c4f85e224c9a7"}
{"ts_target": 1781753706.6875503, "source": "LIFE_VITALITY", "nonce": "019df0980585278a", "purity": 1.0, "hash": "fd69a2016965ab6f446ca7326f878c37fe1d6527350564880ea165e9ae595d27"}
{"ts_target": 1781876103.9953678, "source": "OMNI_HUB_PULSE", "nonce": "fb4c9d0c3218c4cc", "purity": 1.0, "hash": "583e9e959522057814bd07f69077a48700b73e846244e6002853ddfa5107536b"}
{"ts_target": 1781876104.1089842, "source": "COGNITIVE_RECURSION", "nonce": "973b1d3d5270623b", "purity": 1.0, "hash": "f74e6a63765bc44887e3c34083d84ce17cc40e10d03c4a0ac84043049aebad3f"}
{"ts_target": 1781876104.1090739, "source": "WRAITH_EXECUTION", "nonce": "a06e1bbf6230041f", "purity": 1.0, "hash": "853155e2521909e14f633f80a3ecfcc8126eddb7f40ea1b77a1e2f649650a102"}
{"ts_target": 1781876104.1091104, "source": "VAULT_SEAL", "nonce": "58eb0db7f6de6934", "purity": 1.0, "hash": "7587acd8023fb4388ed4d8e4f4d7c144c11944279cff1de5c33aea28c7da47e3"}
{"ts_target": 1781876104.1091387, "source": "YIELD_FLOW", "nonce": "e1ebc17a69c65046", "purity": 1.0, "hash": "fe37e21b98ea396a2b3ec2ef5b18109886c9708691c8e29ae92b2e29698e56dc"}
{"ts_target": 1781876104.1091661, "source": "MUTANT_EVOLUTION", "nonce": "1a727b5c59ea5b39", "purity": 1.0, "hash": "f6521b78aca42a24a0d69837d93c18f8ef5a346ef6ee3f59ded7730816f9e090"}
{"ts_target": 1781876104.1091907, "source": "LIFE_VITALITY", "nonce": "f5d23173bd636a7b", "purity": 1.0, "hash": "a67f9f72bfa05ea7bc8dab2b1c579986234289a1036a0778ce62a38f2153029e"}
{"ts_target": 1783185602.3890524, "source": "OMNI_HUB_PULSE", "nonce": "a5db6cc8f3a17dbf", "purity": 1.0, "hash": "31ce3ac2ea6a88ba323184250b8f1df1c6bb1378fa8faf3d8c75b37d1d3acf3f"}
{"ts_target": 1783185602.3897347, "source": "COGNITIVE_RECURSION", "nonce": "28aab8ad547fc87b", "purity": 1.0, "hash": "e959a287f5fb3153b5e8287819b3743e07956ce99abd22a219436428982b636d"}
{"ts_target": 1783185602.3898144, "source": "WRAITH_EXECUTION", "nonce": "b8816ecb8a46851b", "purity": 1.0, "hash": "30c5f5ee0f67d535dae35470da97643335aaee5dd6e0c9cbf1a25bd7804242eb"}
{"ts_target": 1783185602.389847, "source": "VAULT_SEAL", "nonce": "7aaddbd2cea830af", "purity": 1.0, "hash": "3c8c5ef0451fec47ac258c77273b1f17a56c2268db2c46f6d219a44f31c3a45a"}
{"ts_target": 1783185602.389885, "source": "YIELD_FLOW", "nonce": "6d46b245258860e3", "purity": 1.0, "hash": "2e1f63506e4f5c0d51acbd7638685b1e58730919eb9f9d62c770984aac8bc4d8"}
{"ts_target": 1783185602.3899255, "source": "MUTANT_EVOLUTION", "nonce": "a8bb2ba316a26ee7", "purity": 1.0, "hash": "ed73635c255bbf15f8b4aa53e9dfe3550f972b811414715fe9209f694b211ca3"}
{"ts_target": 1783185602.389959, "source": "LIFE_VITALITY", "nonce": "34715a24664300e9", "purity": 1.0, "hash": "508e91f7e8d54dfeae0c20acdd3041fbebf647192ab70b6354138900ced6e884"}
